| Title         | Author        | Pages  | ISBN  | Price  |
| ------------- | ------------- | ------ | ----- | ------ |